// Jest Snapshot v1, https://goo.gl/fbAQLP

exports[`renders 1`] = `
<DocumentFragment>
  <div
    class="track"
  >
    <h2
      class="trackTitle"
    >
      Hello
    </h2>
    <div
      class="totalScore"
    >
      <div>
        <h2>
          Total Hours
        </h2>
        <p>
          0
        </p>
      </div>
    </div>
    <div
      class="skillContainer"
    />
  </div>
</DocumentFragment>
`;
